// Jest Snapshot v1, https://goo.gl/fbAQLP

exports[`renders correctly 1`] = `
<div
  className="Item__RootWrapper-sc-1ko4sis-0 lkzlSQ"
  onClick={[Function]}
>
  <div
    className="Item__ItemWrapper-sc-1ko4sis-1 XwQtR"
  >
    Name
    :
    Bitcoin
  </div>
  <div
    className="Item__ItemWrapper-sc-1ko4sis-1 XwQtR"
  >
    Type
    :
    crypto
  </div>
  <div
    className="Item__ItemWrapper-sc-1ko4sis-1 XwQtR"
  >
    Value
    :
    1
  </div>
  <div
    className="Item__ItemWrapper-sc-1ko4sis-1 XwQtR"
  >
    Unit
    :
    BTC
  </div>
</div>
`;
