// Jest Snapshot v1, https://goo.gl/fbAQLP

exports[`renders correctly 1`] = `
<div
  className="RatesTable__RatesTableWrapper-sc-12rk3fv-2 cYEdGn"
>
  <button
    className="Button__ButtonWrapper-sc-1ss8obf-0 izSfWZ"
    onClick={[Function]}
  >
    Select All
  </button>
  <ul
    className="RatesTable__UlWrapper-sc-12rk3fv-0 elBSHT"
  >
    <li
      className="RatesTable__LiWrapper-sc-12rk3fv-1 cUSuUd"
    >
      <div
        className="Item__RootWrapper-sc-1ko4sis-0 kcwzFU"
        onClick={[Function]}
      >
        <div
          className="Item__ItemWrapper-sc-1ko4sis-1 XwQtR"
        >
          :
        </div>
        <div
          className="Item__ItemWrapper-sc-1ko4sis-1 XwQtR"
        >
          :
        </div>
        <div
          className="Item__ItemWrapper-sc-1ko4sis-1 XwQtR"
        >
          :
        </div>
        <div
          className="Item__ItemWrapper-sc-1ko4sis-1 XwQtR"
        >
          :
        </div>
      </div>
    </li>
  </ul>
</div>
`;
